2026-06-02 07:33:59,443 [WARNING] No best_model.pkl found
2026-06-02 07:34:51,163 [INFO] ============================================================
2026-06-02 07:34:51,163 [INFO] STEP 1: Downloading historical data
2026-06-02 07:34:51,164 [INFO] ============================================================
2026-06-02 07:34:51,174 [INFO] Database initialised at trading_system.db
2026-06-02 07:34:51,175 [INFO] Downloading RELIANCE.NS …
2026-06-02 07:34:54,281 [INFO] RELIANCE.NS: 1480 rows downloaded
2026-06-02 07:34:54,322 [INFO] RELIANCE.NS: 1480 rows stored
2026-06-02 07:34:54,322 [INFO] Downloading TCS.NS …
2026-06-02 07:34:54,996 [INFO] TCS.NS: 1480 rows downloaded
2026-06-02 07:34:55,034 [INFO] TCS.NS: 1480 rows stored
2026-06-02 07:34:55,034 [INFO] Downloading INFY.NS …
2026-06-02 07:34:55,781 [INFO] INFY.NS: 1480 rows downloaded
2026-06-02 07:34:55,819 [INFO] INFY.NS: 1480 rows stored
2026-06-02 07:34:55,819 [INFO] Downloading HDFCBANK.NS …
2026-06-02 07:34:56,616 [INFO] HDFCBANK.NS: 1480 rows downloaded
2026-06-02 07:34:56,655 [INFO] HDFCBANK.NS: 1480 rows stored
2026-06-02 07:34:56,656 [INFO] Downloading ICICIBANK.NS …
2026-06-02 07:34:57,340 [INFO] ICICIBANK.NS: 1480 rows downloaded
2026-06-02 07:34:57,380 [INFO] ICICIBANK.NS: 1480 rows stored
2026-06-02 07:34:57,380 [INFO] Downloading HINDUNILVR.NS …
2026-06-02 07:34:58,414 [INFO] HINDUNILVR.NS: 1480 rows downloaded
2026-06-02 07:34:58,453 [INFO] HINDUNILVR.NS: 1480 rows stored
2026-06-02 07:34:58,453 [INFO] Downloading BAJFINANCE.NS …
2026-06-02 07:34:59,220 [INFO] BAJFINANCE.NS: 1480 rows downloaded
2026-06-02 07:34:59,260 [INFO] BAJFINANCE.NS: 1480 rows stored
2026-06-02 07:34:59,260 [INFO] Downloading SBIN.NS …
2026-06-02 07:35:00,025 [INFO] SBIN.NS: 1480 rows downloaded
2026-06-02 07:35:00,063 [INFO] SBIN.NS: 1480 rows stored
2026-06-02 07:35:00,063 [INFO] Downloading BHARTIARTL.NS …
2026-06-02 07:35:00,829 [INFO] BHARTIARTL.NS: 1480 rows downloaded
2026-06-02 07:35:00,868 [INFO] BHARTIARTL.NS: 1480 rows stored
2026-06-02 07:35:00,868 [INFO] Downloading KOTAKBANK.NS …
2026-06-02 07:35:01,641 [INFO] KOTAKBANK.NS: 1480 rows downloaded
2026-06-02 07:35:01,680 [INFO] KOTAKBANK.NS: 1480 rows stored
2026-06-02 07:35:01,681 [INFO] Downloading ITC.NS …
2026-06-02 07:35:02,450 [INFO] ITC.NS: 1480 rows downloaded
2026-06-02 07:35:02,490 [INFO] ITC.NS: 1480 rows stored
2026-06-02 07:35:02,490 [INFO] Downloading LT.NS …
2026-06-02 07:35:03,312 [INFO] LT.NS: 1480 rows downloaded
2026-06-02 07:35:03,352 [INFO] LT.NS: 1480 rows stored
2026-06-02 07:35:03,352 [INFO] Downloading AXISBANK.NS …
2026-06-02 07:35:04,089 [INFO] AXISBANK.NS: 1480 rows downloaded
2026-06-02 07:35:04,128 [INFO] AXISBANK.NS: 1480 rows stored
2026-06-02 07:35:04,128 [INFO] Downloading WIPRO.NS …
2026-06-02 07:35:04,916 [INFO] WIPRO.NS: 1480 rows downloaded
2026-06-02 07:35:04,958 [INFO] WIPRO.NS: 1480 rows stored
2026-06-02 07:35:04,959 [INFO] Downloading ASIANPAINT.NS …
2026-06-02 07:35:05,662 [INFO] ASIANPAINT.NS: 1480 rows downloaded
2026-06-02 07:35:05,706 [INFO] ASIANPAINT.NS: 1480 rows stored
2026-06-02 07:35:05,706 [INFO] Downloading MARUTI.NS …
2026-06-02 07:35:06,472 [INFO] MARUTI.NS: 1480 rows downloaded
2026-06-02 07:35:06,552 [INFO] MARUTI.NS: 1480 rows stored
2026-06-02 07:35:06,553 [INFO] Downloading SUNPHARMA.NS …
2026-06-02 07:35:07,247 [INFO] SUNPHARMA.NS: 1480 rows downloaded
2026-06-02 07:35:07,421 [INFO] SUNPHARMA.NS: 1480 rows stored
2026-06-02 07:35:07,421 [INFO] Downloading TITAN.NS …
2026-06-02 07:35:08,156 [INFO] TITAN.NS: 1480 rows downloaded
2026-06-02 07:35:08,201 [INFO] TITAN.NS: 1480 rows stored
2026-06-02 07:35:08,201 [INFO] Downloading ULTRACEMCO.NS …
2026-06-02 07:35:08,894 [INFO] ULTRACEMCO.NS: 1480 rows downloaded
2026-06-02 07:35:09,051 [INFO] ULTRACEMCO.NS: 1480 rows stored
2026-06-02 07:35:09,051 [INFO] Downloading NESTLEIND.NS …
2026-06-02 07:35:09,925 [INFO] NESTLEIND.NS: 1480 rows downloaded
2026-06-02 07:35:10,037 [INFO] NESTLEIND.NS: 1480 rows stored
2026-06-02 07:35:10,037 [INFO] Downloading ^NSEI …
2026-06-02 07:35:10,714 [INFO] ^NSEI: 1477 rows downloaded
2026-06-02 07:35:10,824 [INFO] ^NSEI: 1477 rows stored
2026-06-02 07:35:10,824 [INFO] Downloaded 21/21 tickers successfully
2026-06-02 07:35:10,828 [INFO] 
           ticker               last_download  rows_stored   status
0     RELIANCE.NS  2026-06-02T07:34:54.319532         1480  success
1          TCS.NS  2026-06-02T07:34:55.031732         1480  success
2         INFY.NS  2026-06-02T07:34:55.816812         1480  success
3     HDFCBANK.NS  2026-06-02T07:34:56.652963         1480  success
4    ICICIBANK.NS  2026-06-02T07:34:57.377525         1480  success
5   HINDUNILVR.NS  2026-06-02T07:34:58.449853         1480  success
6   BAJFINANCE.NS  2026-06-02T07:34:59.256356         1480  success
7         SBIN.NS  2026-06-02T07:35:00.060364         1480  success
8   BHARTIARTL.NS  2026-06-02T07:35:00.865735         1480  success
9    KOTAKBANK.NS  2026-06-02T07:35:01.678067         1480  success
10         ITC.NS  2026-06-02T07:35:02.486554         1480  success
11          LT.NS  2026-06-02T07:35:03.349776         1480  success
12    AXISBANK.NS  2026-06-02T07:35:04.125132         1480  success
13       WIPRO.NS  2026-06-02T07:35:04.956072         1480  success
14  ASIANPAINT.NS  2026-06-02T07:35:05.703925         1480  success
15      MARUTI.NS  2026-06-02T07:35:06.549382         1480  success
16   SUNPHARMA.NS  2026-06-02T07:35:07.418737         1480  success
17       TITAN.NS  2026-06-02T07:35:08.198302         1480  success
18  ULTRACEMCO.NS  2026-06-02T07:35:09.048868         1480  success
19   NESTLEIND.NS  2026-06-02T07:35:10.033827         1480  success
20          ^NSEI  2026-06-02T07:35:10.821727         1477  success
2026-06-02 08:08:08,051 [INFO] ============================================================
2026-06-02 08:08:08,051 [INFO] STEP 2: Training ML models
2026-06-02 08:08:08,052 [INFO] ============================================================
2026-06-02 08:08:08,053 [INFO] Database initialised at trading_system.db
2026-06-02 08:08:08,130 [INFO] Loaded 20 tickers from database
2026-06-02 08:08:08,134 [INFO] Loaded 20 stocks
2026-06-02 08:08:08,135 [INFO] Engineering features …
2026-06-02 08:08:08,135 [INFO] RELIANCE.NS: engineering features …
2026-06-02 08:08:08,180 [INFO] RELIANCE.NS: 65 features, 1479 rows
2026-06-02 08:08:08,181 [INFO] TCS.NS: engineering features …
2026-06-02 08:08:08,224 [INFO] TCS.NS: 65 features, 1479 rows
2026-06-02 08:08:08,225 [INFO] INFY.NS: engineering features …
2026-06-02 08:08:08,268 [INFO] INFY.NS: 65 features, 1479 rows
2026-06-02 08:08:08,268 [INFO] HDFCBANK.NS: engineering features …
2026-06-02 08:08:08,311 [INFO] HDFCBANK.NS: 65 features, 1479 rows
2026-06-02 08:08:08,312 [INFO] ICICIBANK.NS: engineering features …
2026-06-02 08:08:08,355 [INFO] ICICIBANK.NS: 65 features, 1479 rows
2026-06-02 08:08:08,356 [INFO] HINDUNILVR.NS: engineering features …
2026-06-02 08:08:08,399 [INFO] HINDUNILVR.NS: 65 features, 1479 rows
2026-06-02 08:08:08,399 [INFO] BAJFINANCE.NS: engineering features …
2026-06-02 08:08:08,441 [INFO] BAJFINANCE.NS: 65 features, 1479 rows
2026-06-02 08:08:08,442 [INFO] SBIN.NS: engineering features …
2026-06-02 08:08:08,484 [INFO] SBIN.NS: 65 features, 1479 rows
2026-06-02 08:08:08,485 [INFO] BHARTIARTL.NS: engineering features …
2026-06-02 08:08:08,528 [INFO] BHARTIARTL.NS: 65 features, 1479 rows
2026-06-02 08:08:08,528 [INFO] KOTAKBANK.NS: engineering features …
2026-06-02 08:08:08,572 [INFO] KOTAKBANK.NS: 65 features, 1479 rows
2026-06-02 08:08:08,572 [INFO] ITC.NS: engineering features …
2026-06-02 08:08:08,615 [INFO] ITC.NS: 65 features, 1479 rows
2026-06-02 08:08:08,616 [INFO] LT.NS: engineering features …
2026-06-02 08:08:08,657 [INFO] LT.NS: 65 features, 1479 rows
2026-06-02 08:08:08,658 [INFO] AXISBANK.NS: engineering features …
2026-06-02 08:08:08,713 [INFO] AXISBANK.NS: 65 features, 1479 rows
2026-06-02 08:08:08,713 [INFO] WIPRO.NS: engineering features …
2026-06-02 08:08:08,756 [INFO] WIPRO.NS: 65 features, 1479 rows
2026-06-02 08:08:08,757 [INFO] ASIANPAINT.NS: engineering features …
2026-06-02 08:08:08,800 [INFO] ASIANPAINT.NS: 65 features, 1479 rows
2026-06-02 08:08:08,800 [INFO] MARUTI.NS: engineering features …
2026-06-02 08:08:08,844 [INFO] MARUTI.NS: 65 features, 1479 rows
2026-06-02 08:08:08,845 [INFO] SUNPHARMA.NS: engineering features …
2026-06-02 08:08:08,893 [INFO] SUNPHARMA.NS: 65 features, 1479 rows
2026-06-02 08:08:08,894 [INFO] TITAN.NS: engineering features …
2026-06-02 08:08:08,939 [INFO] TITAN.NS: 65 features, 1479 rows
2026-06-02 08:08:08,939 [INFO] ULTRACEMCO.NS: engineering features …
2026-06-02 08:08:08,982 [INFO] ULTRACEMCO.NS: 65 features, 1479 rows
2026-06-02 08:08:08,983 [INFO] NESTLEIND.NS: engineering features …
2026-06-02 08:08:09,025 [INFO] NESTLEIND.NS: 65 features, 1479 rows
2026-06-02 08:08:09,025 [INFO] Feature engineering complete: 20 tickers
2026-06-02 08:08:09,026 [INFO] Feature columns: 40
2026-06-02 08:08:09,063 [INFO] Dataset: (29580, 40), 3 walk-forward folds
2026-06-02 08:08:09,063 [INFO] Training random_forest …
2026-06-02 08:09:02,917 [INFO] random_forest fold 0: best AUC=0.5332
2026-06-02 08:09:14,897 [INFO] random_forest: ROC-AUC=0.5195
2026-06-02 08:09:14,898 [INFO] Training gradient_boosting …
2026-06-02 08:14:18,072 [INFO] gradient_boosting fold 0: best AUC=0.5419
2026-06-02 08:15:18,731 [INFO] gradient_boosting: ROC-AUC=0.5115
2026-06-02 08:15:18,732 [INFO] Training xgboost …
2026-06-02 08:16:02,324 [INFO] xgboost fold 0: best AUC=0.5387
2026-06-02 08:16:05,514 [INFO] xgboost: ROC-AUC=0.5209
2026-06-02 08:16:05,515 [INFO] Training lightgbm …
2026-06-02 08:16:12,585 [INFO] lightgbm fold 0: best AUC=0.5495
2026-06-02 08:16:14,855 [INFO] lightgbm: ROC-AUC=0.5095
2026-06-02 08:16:14,863 [INFO] Model saved: models/xgboost_20260602_081614.pkl
2026-06-02 08:16:14,869 [INFO] Best model saved: models/best_model.pkl
2026-06-02 08:16:14,870 [INFO] Best model: xgboost (AUC=0.5209)
2026-06-02 08:16:14,888 [INFO] 
========================================
2026-06-02 08:16:14,889 [INFO] BEST MODEL: xgboost
2026-06-02 08:16:14,889 [INFO] ROC-AUC  : 0.5209
2026-06-02 08:16:14,889 [INFO] Accuracy : 0.5167
2026-06-02 08:16:14,889 [INFO] F1 Score : 0.5323
2026-06-02 08:16:14,889 [INFO] ========================================
2026-06-02 08:52:54,021 [INFO] ============================================================
2026-06-02 08:52:54,021 [INFO] STEP 3: Running daily predictions
2026-06-02 08:52:54,021 [INFO] ============================================================
2026-06-02 08:52:54,022 [INFO] Database initialised at trading_system.db
2026-06-02 08:52:54,101 [INFO] Loaded 20 tickers from database
2026-06-02 08:52:54,106 [INFO] RELIANCE.NS: engineering features …
2026-06-02 08:52:54,153 [INFO] RELIANCE.NS: 65 features, 1479 rows
2026-06-02 08:52:54,153 [INFO] TCS.NS: engineering features …
2026-06-02 08:52:54,197 [INFO] TCS.NS: 65 features, 1479 rows
2026-06-02 08:52:54,198 [INFO] INFY.NS: engineering features …
2026-06-02 08:52:54,240 [INFO] INFY.NS: 65 features, 1479 rows
2026-06-02 08:52:54,240 [INFO] HDFCBANK.NS: engineering features …
2026-06-02 08:52:54,283 [INFO] HDFCBANK.NS: 65 features, 1479 rows
2026-06-02 08:52:54,283 [INFO] ICICIBANK.NS: engineering features …
2026-06-02 08:52:54,325 [INFO] ICICIBANK.NS: 65 features, 1479 rows
2026-06-02 08:52:54,326 [INFO] HINDUNILVR.NS: engineering features …
2026-06-02 08:52:54,372 [INFO] HINDUNILVR.NS: 65 features, 1479 rows
2026-06-02 08:52:54,372 [INFO] BAJFINANCE.NS: engineering features …
2026-06-02 08:52:54,415 [INFO] BAJFINANCE.NS: 65 features, 1479 rows
2026-06-02 08:52:54,416 [INFO] SBIN.NS: engineering features …
2026-06-02 08:52:54,460 [INFO] SBIN.NS: 65 features, 1479 rows
2026-06-02 08:52:54,460 [INFO] BHARTIARTL.NS: engineering features …
2026-06-02 08:52:54,503 [INFO] BHARTIARTL.NS: 65 features, 1479 rows
2026-06-02 08:52:54,504 [INFO] KOTAKBANK.NS: engineering features …
2026-06-02 08:52:54,546 [INFO] KOTAKBANK.NS: 65 features, 1479 rows
2026-06-02 08:52:54,547 [INFO] ITC.NS: engineering features …
2026-06-02 08:52:54,591 [INFO] ITC.NS: 65 features, 1479 rows
2026-06-02 08:52:54,591 [INFO] LT.NS: engineering features …
2026-06-02 08:52:54,634 [INFO] LT.NS: 65 features, 1479 rows
2026-06-02 08:52:54,635 [INFO] AXISBANK.NS: engineering features …
2026-06-02 08:52:54,691 [INFO] AXISBANK.NS: 65 features, 1479 rows
2026-06-02 08:52:54,691 [INFO] WIPRO.NS: engineering features …
2026-06-02 08:52:54,734 [INFO] WIPRO.NS: 65 features, 1479 rows
2026-06-02 08:52:54,735 [INFO] ASIANPAINT.NS: engineering features …
2026-06-02 08:52:54,778 [INFO] ASIANPAINT.NS: 65 features, 1479 rows
2026-06-02 08:52:54,778 [INFO] MARUTI.NS: engineering features …
2026-06-02 08:52:54,821 [INFO] MARUTI.NS: 65 features, 1479 rows
2026-06-02 08:52:54,822 [INFO] SUNPHARMA.NS: engineering features …
2026-06-02 08:52:54,863 [INFO] SUNPHARMA.NS: 65 features, 1479 rows
2026-06-02 08:52:54,864 [INFO] TITAN.NS: engineering features …
2026-06-02 08:52:54,907 [INFO] TITAN.NS: 65 features, 1479 rows
2026-06-02 08:52:54,907 [INFO] ULTRACEMCO.NS: engineering features …
2026-06-02 08:52:54,950 [INFO] ULTRACEMCO.NS: 65 features, 1479 rows
2026-06-02 08:52:54,950 [INFO] NESTLEIND.NS: engineering features …
2026-06-02 08:52:54,993 [INFO] NESTLEIND.NS: 65 features, 1479 rows
2026-06-02 08:52:54,993 [INFO] Feature engineering complete: 20 tickers
2026-06-02 08:52:55,157 [INFO] Loaded model: xgboost (trained 2026-06-02T08:16:14.855347)
2026-06-02 08:52:55,198 [INFO] Stored predictions for 20 stocks
2026-06-02 08:52:55,199 [INFO] === TODAY'S TOP PICKS ===
2026-06-02 08:52:55,199 [INFO]   SUNPHARMA.NS          ML=29.3%  Sharpe=1.00  Mom=1.00  Final=78.8
2026-06-02 08:52:55,199 [INFO]   WIPRO.NS              ML=48.4%  Sharpe=0.74  Mom=0.52  Final=59.9
2026-06-02 08:52:55,200 [INFO]   ITC.NS                ML=23.4%  Sharpe=0.54  Mom=0.81  Final=53.0
2026-06-02 08:52:55,200 [INFO]   BHARTIARTL.NS         ML=23.9%  Sharpe=0.96  Mom=0.23  Final=52.5
2026-06-02 08:52:55,200 [INFO]   ICICIBANK.NS          ML=24.5%  Sharpe=0.75  Mom=0.38  Final=48.9
2026-06-02 08:53:30,526 [INFO] ============================================================
2026-06-02 08:53:30,526 [INFO] STEP 3: Running daily predictions
2026-06-02 08:53:30,526 [INFO] ============================================================
2026-06-02 08:53:30,528 [INFO] Database initialised at trading_system.db
2026-06-02 08:53:30,647 [INFO] Loaded 20 tickers from database
2026-06-02 08:53:30,655 [INFO] RELIANCE.NS: engineering features …
2026-06-02 08:53:30,712 [INFO] RELIANCE.NS: 65 features, 1479 rows
2026-06-02 08:53:30,713 [INFO] TCS.NS: engineering features …
2026-06-02 08:53:30,775 [INFO] TCS.NS: 65 features, 1479 rows
2026-06-02 08:53:30,776 [INFO] INFY.NS: engineering features …
2026-06-02 08:53:30,850 [INFO] INFY.NS: 65 features, 1479 rows
2026-06-02 08:53:30,851 [INFO] HDFCBANK.NS: engineering features …
2026-06-02 08:53:30,907 [INFO] HDFCBANK.NS: 65 features, 1479 rows
2026-06-02 08:53:30,908 [INFO] ICICIBANK.NS: engineering features …
2026-06-02 08:53:30,958 [INFO] ICICIBANK.NS: 65 features, 1479 rows
2026-06-02 08:53:30,958 [INFO] HINDUNILVR.NS: engineering features …
2026-06-02 08:53:31,006 [INFO] HINDUNILVR.NS: 65 features, 1479 rows
2026-06-02 08:53:31,006 [INFO] BAJFINANCE.NS: engineering features …
2026-06-02 08:53:31,055 [INFO] BAJFINANCE.NS: 65 features, 1479 rows
2026-06-02 08:53:31,056 [INFO] SBIN.NS: engineering features …
2026-06-02 08:53:31,106 [INFO] SBIN.NS: 65 features, 1479 rows
2026-06-02 08:53:31,107 [INFO] BHARTIARTL.NS: engineering features …
2026-06-02 08:53:31,153 [INFO] BHARTIARTL.NS: 65 features, 1479 rows
2026-06-02 08:53:31,154 [INFO] KOTAKBANK.NS: engineering features …
2026-06-02 08:53:31,202 [INFO] KOTAKBANK.NS: 65 features, 1479 rows
2026-06-02 08:53:31,202 [INFO] ITC.NS: engineering features …
2026-06-02 08:53:31,249 [INFO] ITC.NS: 65 features, 1479 rows
2026-06-02 08:53:31,249 [INFO] LT.NS: engineering features …
2026-06-02 08:53:31,294 [INFO] LT.NS: 65 features, 1479 rows
2026-06-02 08:53:31,294 [INFO] AXISBANK.NS: engineering features …
2026-06-02 08:53:31,355 [INFO] AXISBANK.NS: 65 features, 1479 rows
2026-06-02 08:53:31,356 [INFO] WIPRO.NS: engineering features …
2026-06-02 08:53:31,403 [INFO] WIPRO.NS: 65 features, 1479 rows
2026-06-02 08:53:31,403 [INFO] ASIANPAINT.NS: engineering features …
2026-06-02 08:53:31,450 [INFO] ASIANPAINT.NS: 65 features, 1479 rows
2026-06-02 08:53:31,451 [INFO] MARUTI.NS: engineering features …
2026-06-02 08:53:31,499 [INFO] MARUTI.NS: 65 features, 1479 rows
2026-06-02 08:53:31,499 [INFO] SUNPHARMA.NS: engineering features …
2026-06-02 08:53:31,546 [INFO] SUNPHARMA.NS: 65 features, 1479 rows
2026-06-02 08:53:31,546 [INFO] TITAN.NS: engineering features …
2026-06-02 08:53:31,596 [INFO] TITAN.NS: 65 features, 1479 rows
2026-06-02 08:53:31,597 [INFO] ULTRACEMCO.NS: engineering features …
2026-06-02 08:53:31,645 [INFO] ULTRACEMCO.NS: 65 features, 1479 rows
2026-06-02 08:53:31,645 [INFO] NESTLEIND.NS: engineering features …
2026-06-02 08:53:31,693 [INFO] NESTLEIND.NS: 65 features, 1479 rows
2026-06-02 08:53:31,693 [INFO] Feature engineering complete: 20 tickers
2026-06-02 08:53:31,834 [INFO] Loaded model: xgboost (trained 2026-06-02T08:16:14.855347)
2026-06-02 08:53:31,891 [INFO] Stored predictions for 20 stocks
2026-06-02 08:53:31,892 [INFO] === TODAY'S TOP PICKS ===
2026-06-02 08:53:31,892 [INFO]   SUNPHARMA.NS          ML=29.3%  Sharpe=1.00  Mom=1.00  Final=78.8
2026-06-02 08:53:31,892 [INFO]   WIPRO.NS              ML=48.4%  Sharpe=0.74  Mom=0.52  Final=59.9
2026-06-02 08:53:31,892 [INFO]   ITC.NS                ML=23.4%  Sharpe=0.54  Mom=0.81  Final=53.0
2026-06-02 08:53:31,892 [INFO]   BHARTIARTL.NS         ML=23.9%  Sharpe=0.96  Mom=0.23  Final=52.5
2026-06-02 08:53:31,893 [INFO]   ICICIBANK.NS          ML=24.5%  Sharpe=0.75  Mom=0.38  Final=48.9
2026-06-02 08:53:36,076 [INFO] ============================================================
2026-06-02 08:53:36,076 [INFO] STEP 4: Executing paper trades
2026-06-02 08:53:36,076 [INFO] ============================================================
2026-06-02 08:53:36,076 [INFO] ============================================================
2026-06-02 08:53:36,076 [INFO] STEP 3: Running daily predictions
2026-06-02 08:53:36,077 [INFO] ============================================================
2026-06-02 08:53:36,078 [INFO] Database initialised at trading_system.db
2026-06-02 08:53:36,161 [INFO] Loaded 20 tickers from database
2026-06-02 08:53:36,165 [INFO] RELIANCE.NS: engineering features …
2026-06-02 08:53:36,217 [INFO] RELIANCE.NS: 65 features, 1479 rows
2026-06-02 08:53:36,217 [INFO] TCS.NS: engineering features …
2026-06-02 08:53:36,262 [INFO] TCS.NS: 65 features, 1479 rows
2026-06-02 08:53:36,262 [INFO] INFY.NS: engineering features …
2026-06-02 08:53:36,309 [INFO] INFY.NS: 65 features, 1479 rows
2026-06-02 08:53:36,310 [INFO] HDFCBANK.NS: engineering features …
2026-06-02 08:53:36,356 [INFO] HDFCBANK.NS: 65 features, 1479 rows
2026-06-02 08:53:36,356 [INFO] ICICIBANK.NS: engineering features …
2026-06-02 08:53:36,402 [INFO] ICICIBANK.NS: 65 features, 1479 rows
2026-06-02 08:53:36,403 [INFO] HINDUNILVR.NS: engineering features …
2026-06-02 08:53:36,450 [INFO] HINDUNILVR.NS: 65 features, 1479 rows
2026-06-02 08:53:36,451 [INFO] BAJFINANCE.NS: engineering features …
2026-06-02 08:53:36,499 [INFO] BAJFINANCE.NS: 65 features, 1479 rows
2026-06-02 08:53:36,499 [INFO] SBIN.NS: engineering features …
2026-06-02 08:53:36,551 [INFO] SBIN.NS: 65 features, 1479 rows
2026-06-02 08:53:36,552 [INFO] BHARTIARTL.NS: engineering features …
2026-06-02 08:53:36,602 [INFO] BHARTIARTL.NS: 65 features, 1479 rows
2026-06-02 08:53:36,602 [INFO] KOTAKBANK.NS: engineering features …
2026-06-02 08:53:36,649 [INFO] KOTAKBANK.NS: 65 features, 1479 rows
2026-06-02 08:53:36,650 [INFO] ITC.NS: engineering features …
2026-06-02 08:53:36,701 [INFO] ITC.NS: 65 features, 1479 rows
2026-06-02 08:53:36,701 [INFO] LT.NS: engineering features …
2026-06-02 08:53:36,758 [INFO] LT.NS: 65 features, 1479 rows
2026-06-02 08:53:36,758 [INFO] AXISBANK.NS: engineering features …
2026-06-02 08:53:36,830 [INFO] AXISBANK.NS: 65 features, 1479 rows
2026-06-02 08:53:36,831 [INFO] WIPRO.NS: engineering features …
2026-06-02 08:53:36,885 [INFO] WIPRO.NS: 65 features, 1479 rows
2026-06-02 08:53:36,886 [INFO] ASIANPAINT.NS: engineering features …
2026-06-02 08:53:36,940 [INFO] ASIANPAINT.NS: 65 features, 1479 rows
2026-06-02 08:53:36,941 [INFO] MARUTI.NS: engineering features …
2026-06-02 08:53:36,994 [INFO] MARUTI.NS: 65 features, 1479 rows
2026-06-02 08:53:36,995 [INFO] SUNPHARMA.NS: engineering features …
2026-06-02 08:53:37,047 [INFO] SUNPHARMA.NS: 65 features, 1479 rows
2026-06-02 08:53:37,047 [INFO] TITAN.NS: engineering features …
2026-06-02 08:53:37,109 [INFO] TITAN.NS: 65 features, 1479 rows
2026-06-02 08:53:37,110 [INFO] ULTRACEMCO.NS: engineering features …
2026-06-02 08:53:37,167 [INFO] ULTRACEMCO.NS: 65 features, 1479 rows
2026-06-02 08:53:37,168 [INFO] NESTLEIND.NS: engineering features …
2026-06-02 08:53:37,218 [INFO] NESTLEIND.NS: 65 features, 1479 rows
2026-06-02 08:53:37,219 [INFO] Feature engineering complete: 20 tickers
2026-06-02 08:53:37,391 [INFO] Loaded model: xgboost (trained 2026-06-02T08:16:14.855347)
2026-06-02 08:53:37,458 [INFO] Stored predictions for 20 stocks
2026-06-02 08:53:37,459 [INFO] === TODAY'S TOP PICKS ===
2026-06-02 08:53:37,460 [INFO]   SUNPHARMA.NS          ML=29.3%  Sharpe=1.00  Mom=1.00  Final=78.8
2026-06-02 08:53:37,460 [INFO]   WIPRO.NS              ML=48.4%  Sharpe=0.74  Mom=0.52  Final=59.9
2026-06-02 08:53:37,460 [INFO]   ITC.NS                ML=23.4%  Sharpe=0.54  Mom=0.81  Final=53.0
2026-06-02 08:53:37,460 [INFO]   BHARTIARTL.NS         ML=23.9%  Sharpe=0.96  Mom=0.23  Final=52.5
2026-06-02 08:53:37,461 [INFO]   ICICIBANK.NS          ML=24.5%  Sharpe=0.75  Mom=0.38  Final=48.9
2026-06-02 08:53:37,542 [INFO] 
Portfolio Summary:
2026-06-02 08:53:37,542 [INFO]   initial_capital          : 1000000
2026-06-02 08:53:37,542 [INFO]   current_value            : 998502.246630055
2026-06-02 08:53:37,542 [INFO]   total_return_pct         : -0.15
2026-06-02 08:53:37,543 [INFO]   annualised_return        : -31.46
2026-06-02 08:53:37,543 [INFO]   max_drawdown_pct         : 0.15
2026-06-02 08:53:37,543 [INFO]   n_trades                 : 5
2026-06-02 08:53:37,543 [INFO]   n_positions              : 5
2026-06-02 16:33:30,247 [INFO] ============================================================
2026-06-02 16:33:30,248 [INFO] STEP 3: Running daily predictions
2026-06-02 16:33:30,248 [INFO] ============================================================
2026-06-02 16:33:30,257 [INFO] Database initialised at trading_system.db
2026-06-02 16:33:30,346 [INFO] Loaded 20 tickers from database
2026-06-02 16:33:30,351 [INFO] RELIANCE.NS: engineering features …
2026-06-02 16:33:30,400 [INFO] RELIANCE.NS: 65 features, 1479 rows
2026-06-02 16:33:30,400 [INFO] TCS.NS: engineering features …
2026-06-02 16:33:30,445 [INFO] TCS.NS: 65 features, 1479 rows
2026-06-02 16:33:30,446 [INFO] INFY.NS: engineering features …
2026-06-02 16:33:30,489 [INFO] INFY.NS: 65 features, 1479 rows
2026-06-02 16:33:30,489 [INFO] HDFCBANK.NS: engineering features …
2026-06-02 16:33:30,532 [INFO] HDFCBANK.NS: 65 features, 1479 rows
2026-06-02 16:33:30,533 [INFO] ICICIBANK.NS: engineering features …
2026-06-02 16:33:30,575 [INFO] ICICIBANK.NS: 65 features, 1479 rows
2026-06-02 16:33:30,576 [INFO] HINDUNILVR.NS: engineering features …
2026-06-02 16:33:30,619 [INFO] HINDUNILVR.NS: 65 features, 1479 rows
2026-06-02 16:33:30,619 [INFO] BAJFINANCE.NS: engineering features …
2026-06-02 16:33:30,662 [INFO] BAJFINANCE.NS: 65 features, 1479 rows
2026-06-02 16:33:30,663 [INFO] SBIN.NS: engineering features …
2026-06-02 16:33:30,707 [INFO] SBIN.NS: 65 features, 1479 rows
2026-06-02 16:33:30,707 [INFO] BHARTIARTL.NS: engineering features …
2026-06-02 16:33:30,751 [INFO] BHARTIARTL.NS: 65 features, 1479 rows
2026-06-02 16:33:30,752 [INFO] KOTAKBANK.NS: engineering features …
2026-06-02 16:33:30,797 [INFO] KOTAKBANK.NS: 65 features, 1479 rows
2026-06-02 16:33:30,798 [INFO] ITC.NS: engineering features …
2026-06-02 16:33:30,842 [INFO] ITC.NS: 65 features, 1479 rows
2026-06-02 16:33:30,843 [INFO] LT.NS: engineering features …
2026-06-02 16:33:30,885 [INFO] LT.NS: 65 features, 1479 rows
2026-06-02 16:33:30,886 [INFO] AXISBANK.NS: engineering features …
2026-06-02 16:33:30,948 [INFO] AXISBANK.NS: 65 features, 1479 rows
2026-06-02 16:33:30,948 [INFO] WIPRO.NS: engineering features …
2026-06-02 16:33:30,997 [INFO] WIPRO.NS: 65 features, 1479 rows
2026-06-02 16:33:30,997 [INFO] ASIANPAINT.NS: engineering features …
2026-06-02 16:33:31,044 [INFO] ASIANPAINT.NS: 65 features, 1479 rows
2026-06-02 16:33:31,044 [INFO] MARUTI.NS: engineering features …
2026-06-02 16:33:31,089 [INFO] MARUTI.NS: 65 features, 1479 rows
2026-06-02 16:33:31,090 [INFO] SUNPHARMA.NS: engineering features …
2026-06-02 16:33:31,136 [INFO] SUNPHARMA.NS: 65 features, 1479 rows
2026-06-02 16:33:31,137 [INFO] TITAN.NS: engineering features …
2026-06-02 16:33:31,183 [INFO] TITAN.NS: 65 features, 1479 rows
2026-06-02 16:33:31,183 [INFO] ULTRACEMCO.NS: engineering features …
2026-06-02 16:33:31,229 [INFO] ULTRACEMCO.NS: 65 features, 1479 rows
2026-06-02 16:33:31,230 [INFO] NESTLEIND.NS: engineering features …
2026-06-02 16:33:31,275 [INFO] NESTLEIND.NS: 65 features, 1479 rows
2026-06-02 16:33:31,275 [INFO] Feature engineering complete: 20 tickers
2026-06-02 16:33:31,426 [INFO] Loaded model: xgboost (trained 2026-06-02T08:16:14.855347)
2026-06-02 16:33:31,471 [INFO] Stored predictions for 20 stocks
2026-06-02 16:33:31,472 [INFO] === TODAY'S TOP PICKS ===
2026-06-02 16:33:31,473 [INFO]   SUNPHARMA.NS          ML=29.3%  Sharpe=1.00  Mom=1.00  Final=78.8
2026-06-02 16:33:31,473 [INFO]   WIPRO.NS              ML=48.4%  Sharpe=0.74  Mom=0.52  Final=59.9
2026-06-02 16:33:31,473 [INFO]   ITC.NS                ML=23.4%  Sharpe=0.54  Mom=0.81  Final=53.0
2026-06-02 16:33:31,473 [INFO]   BHARTIARTL.NS         ML=23.9%  Sharpe=0.96  Mom=0.23  Final=52.5
2026-06-02 16:33:31,473 [INFO]   ICICIBANK.NS          ML=24.5%  Sharpe=0.75  Mom=0.38  Final=48.9
2026-06-02 16:33:39,842 [INFO] ============================================================
2026-06-02 16:33:39,843 [INFO] STEP 4: Executing paper trades
2026-06-02 16:33:39,843 [INFO] ============================================================
2026-06-02 16:33:39,843 [INFO] ============================================================
2026-06-02 16:33:39,843 [INFO] STEP 3: Running daily predictions
2026-06-02 16:33:39,843 [INFO] ============================================================
2026-06-02 16:33:39,846 [INFO] Database initialised at trading_system.db
2026-06-02 16:33:39,934 [INFO] Loaded 20 tickers from database
2026-06-02 16:33:39,938 [INFO] RELIANCE.NS: engineering features …
2026-06-02 16:33:39,986 [INFO] RELIANCE.NS: 65 features, 1479 rows
2026-06-02 16:33:39,987 [INFO] TCS.NS: engineering features …
2026-06-02 16:33:40,032 [INFO] TCS.NS: 65 features, 1479 rows
2026-06-02 16:33:40,033 [INFO] INFY.NS: engineering features …
2026-06-02 16:33:40,080 [INFO] INFY.NS: 65 features, 1479 rows
2026-06-02 16:33:40,080 [INFO] HDFCBANK.NS: engineering features …
2026-06-02 16:33:40,125 [INFO] HDFCBANK.NS: 65 features, 1479 rows
2026-06-02 16:33:40,126 [INFO] ICICIBANK.NS: engineering features …
2026-06-02 16:33:40,171 [INFO] ICICIBANK.NS: 65 features, 1479 rows
2026-06-02 16:33:40,171 [INFO] HINDUNILVR.NS: engineering features …
2026-06-02 16:33:40,218 [INFO] HINDUNILVR.NS: 65 features, 1479 rows
2026-06-02 16:33:40,219 [INFO] BAJFINANCE.NS: engineering features …
2026-06-02 16:33:40,271 [INFO] BAJFINANCE.NS: 65 features, 1479 rows
2026-06-02 16:33:40,272 [INFO] SBIN.NS: engineering features …
2026-06-02 16:33:40,355 [INFO] SBIN.NS: 65 features, 1479 rows
2026-06-02 16:33:40,356 [INFO] BHARTIARTL.NS: engineering features …
2026-06-02 16:33:40,410 [INFO] BHARTIARTL.NS: 65 features, 1479 rows
2026-06-02 16:33:40,411 [INFO] KOTAKBANK.NS: engineering features …
2026-06-02 16:33:40,464 [INFO] KOTAKBANK.NS: 65 features, 1479 rows
2026-06-02 16:33:40,465 [INFO] ITC.NS: engineering features …
2026-06-02 16:33:40,513 [INFO] ITC.NS: 65 features, 1479 rows
2026-06-02 16:33:40,514 [INFO] LT.NS: engineering features …
2026-06-02 16:33:40,562 [INFO] LT.NS: 65 features, 1479 rows
2026-06-02 16:33:40,563 [INFO] AXISBANK.NS: engineering features …
2026-06-02 16:33:40,641 [INFO] AXISBANK.NS: 65 features, 1479 rows
2026-06-02 16:33:40,641 [INFO] WIPRO.NS: engineering features …
2026-06-02 16:33:40,686 [INFO] WIPRO.NS: 65 features, 1479 rows
2026-06-02 16:33:40,687 [INFO] ASIANPAINT.NS: engineering features …
2026-06-02 16:33:40,732 [INFO] ASIANPAINT.NS: 65 features, 1479 rows
2026-06-02 16:33:40,732 [INFO] MARUTI.NS: engineering features …
2026-06-02 16:33:40,777 [INFO] MARUTI.NS: 65 features, 1479 rows
2026-06-02 16:33:40,778 [INFO] SUNPHARMA.NS: engineering features …
2026-06-02 16:33:40,822 [INFO] SUNPHARMA.NS: 65 features, 1479 rows
2026-06-02 16:33:40,822 [INFO] TITAN.NS: engineering features …
2026-06-02 16:33:40,865 [INFO] TITAN.NS: 65 features, 1479 rows
2026-06-02 16:33:40,866 [INFO] ULTRACEMCO.NS: engineering features …
2026-06-02 16:33:40,910 [INFO] ULTRACEMCO.NS: 65 features, 1479 rows
2026-06-02 16:33:40,911 [INFO] NESTLEIND.NS: engineering features …
2026-06-02 16:33:40,956 [INFO] NESTLEIND.NS: 65 features, 1479 rows
2026-06-02 16:33:40,956 [INFO] Feature engineering complete: 20 tickers
2026-06-02 16:33:41,019 [INFO] Loaded model: xgboost (trained 2026-06-02T08:16:14.855347)
2026-06-02 16:33:41,061 [INFO] Stored predictions for 20 stocks
2026-06-02 16:33:41,062 [INFO] === TODAY'S TOP PICKS ===
2026-06-02 16:33:41,062 [INFO]   SUNPHARMA.NS          ML=29.3%  Sharpe=1.00  Mom=1.00  Final=78.8
2026-06-02 16:33:41,062 [INFO]   WIPRO.NS              ML=48.4%  Sharpe=0.74  Mom=0.52  Final=59.9
2026-06-02 16:33:41,063 [INFO]   ITC.NS                ML=23.4%  Sharpe=0.54  Mom=0.81  Final=53.0
2026-06-02 16:33:41,063 [INFO]   BHARTIARTL.NS         ML=23.9%  Sharpe=0.96  Mom=0.23  Final=52.5
2026-06-02 16:33:41,063 [INFO]   ICICIBANK.NS          ML=24.5%  Sharpe=0.75  Mom=0.38  Final=48.9
2026-06-02 16:33:41,066 [WARNING] Max drawdown breached (100.0%). Trading halted.
2026-06-02 16:33:41,068 [INFO] 
Portfolio Summary:
2026-06-02 16:33:41,068 [INFO]   initial_capital          : 1000000
2026-06-02 16:33:41,068 [INFO]   current_value            : 998502.246630055
2026-06-02 16:33:41,068 [INFO]   total_return_pct         : -0.15
2026-06-02 16:33:41,068 [INFO]   annualised_return        : -31.46
2026-06-02 16:33:41,068 [INFO]   max_drawdown_pct         : 0.15
2026-06-02 16:33:41,068 [INFO]   n_trades                 : 5
2026-06-02 16:33:41,068 [INFO]   n_positions              : 0
2026-06-02 19:36:12,347 [INFO] ============================================================
2026-06-02 19:36:12,347 [INFO] STEP 4: Executing paper trades
2026-06-02 19:36:12,347 [INFO] ============================================================
2026-06-02 19:36:12,348 [INFO] ============================================================
2026-06-02 19:36:12,348 [INFO] STEP 3: Running daily predictions
2026-06-02 19:36:12,348 [INFO] ============================================================
2026-06-02 19:36:12,348 [INFO] Database initialised at trading_system.db
2026-06-02 19:36:12,450 [INFO] Loaded 20 tickers from database
2026-06-02 19:36:12,455 [INFO] RELIANCE.NS: engineering features …
2026-06-02 19:36:12,503 [INFO] RELIANCE.NS: 65 features, 1479 rows
2026-06-02 19:36:12,504 [INFO] TCS.NS: engineering features …
2026-06-02 19:36:12,548 [INFO] TCS.NS: 65 features, 1479 rows
2026-06-02 19:36:12,548 [INFO] INFY.NS: engineering features …
2026-06-02 19:36:12,590 [INFO] INFY.NS: 65 features, 1479 rows
2026-06-02 19:36:12,591 [INFO] HDFCBANK.NS: engineering features …
2026-06-02 19:36:12,634 [INFO] HDFCBANK.NS: 65 features, 1479 rows
2026-06-02 19:36:12,634 [INFO] ICICIBANK.NS: engineering features …
2026-06-02 19:36:12,677 [INFO] ICICIBANK.NS: 65 features, 1479 rows
2026-06-02 19:36:12,677 [INFO] HINDUNILVR.NS: engineering features …
2026-06-02 19:36:12,720 [INFO] HINDUNILVR.NS: 65 features, 1479 rows
2026-06-02 19:36:12,720 [INFO] BAJFINANCE.NS: engineering features …
2026-06-02 19:36:12,762 [INFO] BAJFINANCE.NS: 65 features, 1479 rows
2026-06-02 19:36:12,763 [INFO] SBIN.NS: engineering features …
2026-06-02 19:36:12,805 [INFO] SBIN.NS: 65 features, 1479 rows
2026-06-02 19:36:12,806 [INFO] BHARTIARTL.NS: engineering features …
2026-06-02 19:36:12,848 [INFO] BHARTIARTL.NS: 65 features, 1479 rows
2026-06-02 19:36:12,848 [INFO] KOTAKBANK.NS: engineering features …
2026-06-02 19:36:12,891 [INFO] KOTAKBANK.NS: 65 features, 1479 rows
2026-06-02 19:36:12,891 [INFO] ITC.NS: engineering features …
2026-06-02 19:36:12,933 [INFO] ITC.NS: 65 features, 1479 rows
2026-06-02 19:36:12,933 [INFO] LT.NS: engineering features …
2026-06-02 19:36:12,977 [INFO] LT.NS: 65 features, 1479 rows
2026-06-02 19:36:12,977 [INFO] AXISBANK.NS: engineering features …
2026-06-02 19:36:13,019 [INFO] AXISBANK.NS: 65 features, 1479 rows
2026-06-02 19:36:13,020 [INFO] WIPRO.NS: engineering features …
2026-06-02 19:36:13,062 [INFO] WIPRO.NS: 65 features, 1479 rows
2026-06-02 19:36:13,062 [INFO] ASIANPAINT.NS: engineering features …
2026-06-02 19:36:13,104 [INFO] ASIANPAINT.NS: 65 features, 1479 rows
2026-06-02 19:36:13,105 [INFO] MARUTI.NS: engineering features …
2026-06-02 19:36:13,160 [INFO] MARUTI.NS: 65 features, 1479 rows
2026-06-02 19:36:13,161 [INFO] SUNPHARMA.NS: engineering features …
2026-06-02 19:36:13,203 [INFO] SUNPHARMA.NS: 65 features, 1479 rows
2026-06-02 19:36:13,204 [INFO] TITAN.NS: engineering features …
2026-06-02 19:36:13,245 [INFO] TITAN.NS: 65 features, 1479 rows
2026-06-02 19:36:13,245 [INFO] ULTRACEMCO.NS: engineering features …
2026-06-02 19:36:13,288 [INFO] ULTRACEMCO.NS: 65 features, 1479 rows
2026-06-02 19:36:13,288 [INFO] NESTLEIND.NS: engineering features …
2026-06-02 19:36:13,333 [INFO] NESTLEIND.NS: 65 features, 1479 rows
2026-06-02 19:36:13,333 [INFO] Feature engineering complete: 20 tickers
2026-06-02 19:36:13,436 [INFO] Loaded model: xgboost (trained 2026-06-02T08:16:14.855347)
2026-06-02 19:36:13,492 [INFO] Stored predictions for 20 stocks
2026-06-02 19:36:13,493 [INFO] === TODAY'S TOP PICKS ===
2026-06-02 19:36:13,493 [INFO]   SUNPHARMA.NS          ML=29.3%  Sharpe=1.00  Mom=1.00  Final=78.8
2026-06-02 19:36:13,493 [INFO]   WIPRO.NS              ML=48.4%  Sharpe=0.74  Mom=0.52  Final=59.9
2026-06-02 19:36:13,494 [INFO]   ITC.NS                ML=23.4%  Sharpe=0.54  Mom=0.81  Final=53.0
2026-06-02 19:36:13,494 [INFO]   BHARTIARTL.NS         ML=23.9%  Sharpe=0.96  Mom=0.23  Final=52.5
2026-06-02 19:36:13,494 [INFO]   ICICIBANK.NS          ML=24.5%  Sharpe=0.75  Mom=0.38  Final=48.9
2026-06-02 19:36:13,498 [WARNING] Max drawdown breached (100.0%). Trading halted.
2026-06-02 19:36:13,502 [INFO] 
Portfolio Summary:
2026-06-02 19:36:13,502 [INFO]   initial_capital          : 1000000
2026-06-02 19:36:13,502 [INFO]   current_value            : 998502.246630055
2026-06-02 19:36:13,502 [INFO]   total_return_pct         : -0.15
2026-06-02 19:36:13,502 [INFO]   annualised_return        : -31.46
2026-06-02 19:36:13,502 [INFO]   max_drawdown_pct         : 0.15
2026-06-02 19:36:13,502 [INFO]   n_trades                 : 5
2026-06-02 19:36:13,502 [INFO]   n_positions              : 0
2026-06-02 19:41:33,326 [INFO] ============================================================
2026-06-02 19:41:33,326 [INFO] STEP 3: Running daily predictions
2026-06-02 19:41:33,326 [INFO] ============================================================
2026-06-02 19:41:33,327 [INFO] Database initialised at trading_system.db
2026-06-02 19:41:33,420 [INFO] Loaded 20 tickers from database
2026-06-02 19:41:33,425 [INFO] RELIANCE.NS: engineering features …
2026-06-02 19:41:33,473 [INFO] RELIANCE.NS: 65 features, 1479 rows
2026-06-02 19:41:33,473 [INFO] TCS.NS: engineering features …
2026-06-02 19:41:33,517 [INFO] TCS.NS: 65 features, 1479 rows
2026-06-02 19:41:33,517 [INFO] INFY.NS: engineering features …
2026-06-02 19:41:33,577 [INFO] INFY.NS: 65 features, 1479 rows
2026-06-02 19:41:33,578 [INFO] HDFCBANK.NS: engineering features …
2026-06-02 19:41:33,622 [INFO] HDFCBANK.NS: 65 features, 1479 rows
2026-06-02 19:41:33,623 [INFO] ICICIBANK.NS: engineering features …
2026-06-02 19:41:33,665 [INFO] ICICIBANK.NS: 65 features, 1479 rows
2026-06-02 19:41:33,666 [INFO] HINDUNILVR.NS: engineering features …
2026-06-02 19:41:33,710 [INFO] HINDUNILVR.NS: 65 features, 1479 rows
2026-06-02 19:41:33,711 [INFO] BAJFINANCE.NS: engineering features …
2026-06-02 19:41:33,756 [INFO] BAJFINANCE.NS: 65 features, 1479 rows
2026-06-02 19:41:33,757 [INFO] SBIN.NS: engineering features …
2026-06-02 19:41:33,803 [INFO] SBIN.NS: 65 features, 1479 rows
2026-06-02 19:41:33,804 [INFO] BHARTIARTL.NS: engineering features …
2026-06-02 19:41:33,847 [INFO] BHARTIARTL.NS: 65 features, 1479 rows
2026-06-02 19:41:33,847 [INFO] KOTAKBANK.NS: engineering features …
2026-06-02 19:41:33,904 [INFO] KOTAKBANK.NS: 65 features, 1479 rows
2026-06-02 19:41:33,905 [INFO] ITC.NS: engineering features …
2026-06-02 19:41:33,954 [INFO] ITC.NS: 65 features, 1479 rows
2026-06-02 19:41:33,955 [INFO] LT.NS: engineering features …
2026-06-02 19:41:34,005 [INFO] LT.NS: 65 features, 1479 rows
2026-06-02 19:41:34,006 [INFO] AXISBANK.NS: engineering features …
2026-06-02 19:41:34,077 [INFO] AXISBANK.NS: 65 features, 1479 rows
2026-06-02 19:41:34,078 [INFO] WIPRO.NS: engineering features …
2026-06-02 19:41:34,125 [INFO] WIPRO.NS: 65 features, 1479 rows
2026-06-02 19:41:34,125 [INFO] ASIANPAINT.NS: engineering features …
2026-06-02 19:41:34,174 [INFO] ASIANPAINT.NS: 65 features, 1479 rows
2026-06-02 19:41:34,174 [INFO] MARUTI.NS: engineering features …
2026-06-02 19:41:34,222 [INFO] MARUTI.NS: 65 features, 1479 rows
2026-06-02 19:41:34,222 [INFO] SUNPHARMA.NS: engineering features …
2026-06-02 19:41:34,271 [INFO] SUNPHARMA.NS: 65 features, 1479 rows
2026-06-02 19:41:34,272 [INFO] TITAN.NS: engineering features …
2026-06-02 19:41:34,316 [INFO] TITAN.NS: 65 features, 1479 rows
2026-06-02 19:41:34,317 [INFO] ULTRACEMCO.NS: engineering features …
2026-06-02 19:41:34,361 [INFO] ULTRACEMCO.NS: 65 features, 1479 rows
2026-06-02 19:41:34,361 [INFO] NESTLEIND.NS: engineering features …
2026-06-02 19:41:34,406 [INFO] NESTLEIND.NS: 65 features, 1479 rows
2026-06-02 19:41:34,406 [INFO] Feature engineering complete: 20 tickers
2026-06-02 19:41:34,477 [INFO] Loaded model: xgboost (trained 2026-06-02T08:16:14.855347)
2026-06-02 19:41:34,530 [INFO] Stored predictions for 20 stocks
2026-06-02 19:41:34,531 [INFO] === TODAY'S TOP PICKS ===
2026-06-02 19:41:34,531 [INFO]   SUNPHARMA.NS          ML=29.3%  Sharpe=1.00  Mom=1.00  Final=78.8
2026-06-02 19:41:34,531 [INFO]   WIPRO.NS              ML=48.4%  Sharpe=0.74  Mom=0.52  Final=59.9
2026-06-02 19:41:34,532 [INFO]   ITC.NS                ML=23.4%  Sharpe=0.54  Mom=0.81  Final=53.0
2026-06-02 19:41:34,532 [INFO]   BHARTIARTL.NS         ML=23.9%  Sharpe=0.96  Mom=0.23  Final=52.5
2026-06-02 19:41:34,532 [INFO]   ICICIBANK.NS          ML=24.5%  Sharpe=0.75  Mom=0.38  Final=48.9
2026-06-02 19:41:40,026 [INFO] ============================================================
2026-06-02 19:41:40,026 [INFO] STEP 4: Executing paper trades
2026-06-02 19:41:40,026 [INFO] ============================================================
2026-06-02 19:41:40,026 [INFO] ============================================================
2026-06-02 19:41:40,026 [INFO] STEP 3: Running daily predictions
2026-06-02 19:41:40,026 [INFO] ============================================================
2026-06-02 19:41:40,028 [INFO] Database initialised at trading_system.db
2026-06-02 19:41:40,105 [INFO] Loaded 20 tickers from database
2026-06-02 19:41:40,109 [INFO] RELIANCE.NS: engineering features …
2026-06-02 19:41:40,153 [INFO] RELIANCE.NS: 65 features, 1479 rows
2026-06-02 19:41:40,154 [INFO] TCS.NS: engineering features …
2026-06-02 19:41:40,195 [INFO] TCS.NS: 65 features, 1479 rows
2026-06-02 19:41:40,196 [INFO] INFY.NS: engineering features …
2026-06-02 19:41:40,239 [INFO] INFY.NS: 65 features, 1479 rows
2026-06-02 19:41:40,239 [INFO] HDFCBANK.NS: engineering features …
2026-06-02 19:41:40,282 [INFO] HDFCBANK.NS: 65 features, 1479 rows
2026-06-02 19:41:40,283 [INFO] ICICIBANK.NS: engineering features …
2026-06-02 19:41:40,324 [INFO] ICICIBANK.NS: 65 features, 1479 rows
2026-06-02 19:41:40,325 [INFO] HINDUNILVR.NS: engineering features …
2026-06-02 19:41:40,366 [INFO] HINDUNILVR.NS: 65 features, 1479 rows
2026-06-02 19:41:40,366 [INFO] BAJFINANCE.NS: engineering features …
2026-06-02 19:41:40,408 [INFO] BAJFINANCE.NS: 65 features, 1479 rows
2026-06-02 19:41:40,408 [INFO] SBIN.NS: engineering features …
2026-06-02 19:41:40,450 [INFO] SBIN.NS: 65 features, 1479 rows
2026-06-02 19:41:40,450 [INFO] BHARTIARTL.NS: engineering features …
2026-06-02 19:41:40,491 [INFO] BHARTIARTL.NS: 65 features, 1479 rows
2026-06-02 19:41:40,491 [INFO] KOTAKBANK.NS: engineering features …
2026-06-02 19:41:40,533 [INFO] KOTAKBANK.NS: 65 features, 1479 rows
2026-06-02 19:41:40,534 [INFO] ITC.NS: engineering features …
2026-06-02 19:41:40,575 [INFO] ITC.NS: 65 features, 1479 rows
2026-06-02 19:41:40,575 [INFO] LT.NS: engineering features …
2026-06-02 19:41:40,616 [INFO] LT.NS: 65 features, 1479 rows
2026-06-02 19:41:40,617 [INFO] AXISBANK.NS: engineering features …
2026-06-02 19:41:40,659 [INFO] AXISBANK.NS: 65 features, 1479 rows
2026-06-02 19:41:40,660 [INFO] WIPRO.NS: engineering features …
2026-06-02 19:41:40,705 [INFO] WIPRO.NS: 65 features, 1479 rows
2026-06-02 19:41:40,706 [INFO] ASIANPAINT.NS: engineering features …
2026-06-02 19:41:40,747 [INFO] ASIANPAINT.NS: 65 features, 1479 rows
2026-06-02 19:41:40,748 [INFO] MARUTI.NS: engineering features …
2026-06-02 19:41:40,803 [INFO] MARUTI.NS: 65 features, 1479 rows
2026-06-02 19:41:40,804 [INFO] SUNPHARMA.NS: engineering features …
2026-06-02 19:41:40,847 [INFO] SUNPHARMA.NS: 65 features, 1479 rows
2026-06-02 19:41:40,847 [INFO] TITAN.NS: engineering features …
2026-06-02 19:41:40,894 [INFO] TITAN.NS: 65 features, 1479 rows
2026-06-02 19:41:40,894 [INFO] ULTRACEMCO.NS: engineering features …
2026-06-02 19:41:40,945 [INFO] ULTRACEMCO.NS: 65 features, 1479 rows
2026-06-02 19:41:40,946 [INFO] NESTLEIND.NS: engineering features …
2026-06-02 19:41:40,991 [INFO] NESTLEIND.NS: 65 features, 1479 rows
2026-06-02 19:41:40,992 [INFO] Feature engineering complete: 20 tickers
2026-06-02 19:41:41,079 [INFO] Loaded model: xgboost (trained 2026-06-02T08:16:14.855347)
2026-06-02 19:41:41,140 [INFO] Stored predictions for 20 stocks
2026-06-02 19:41:41,142 [INFO] === TODAY'S TOP PICKS ===
2026-06-02 19:41:41,142 [INFO]   SUNPHARMA.NS          ML=29.3%  Sharpe=1.00  Mom=1.00  Final=78.8
2026-06-02 19:41:41,142 [INFO]   WIPRO.NS              ML=48.4%  Sharpe=0.74  Mom=0.52  Final=59.9
2026-06-02 19:41:41,142 [INFO]   ITC.NS                ML=23.4%  Sharpe=0.54  Mom=0.81  Final=53.0
2026-06-02 19:41:41,143 [INFO]   BHARTIARTL.NS         ML=23.9%  Sharpe=0.96  Mom=0.23  Final=52.5
2026-06-02 19:41:41,143 [INFO]   ICICIBANK.NS          ML=24.5%  Sharpe=0.75  Mom=0.38  Final=48.9
2026-06-02 19:41:41,147 [WARNING] Max drawdown breached (100.0%). Trading halted.
2026-06-02 19:41:41,150 [INFO] 
Portfolio Summary:
2026-06-02 19:41:41,151 [INFO]   initial_capital          : 1000000
2026-06-02 19:41:41,151 [INFO]   current_value            : 998502.246630055
2026-06-02 19:41:41,151 [INFO]   total_return_pct         : -0.15
2026-06-02 19:41:41,151 [INFO]   annualised_return        : -31.46
2026-06-02 19:41:41,151 [INFO]   max_drawdown_pct         : 0.15
2026-06-02 19:41:41,151 [INFO]   n_trades                 : 5
2026-06-02 19:41:41,152 [INFO]   n_positions              : 0
2026-09-21 19:17:37,712 [INFO] ============================================================
2026-09-21 19:17:37,713 [INFO] FULL DAILY PIPELINE
2026-09-21 19:17:37,713 [INFO] Date: 2026-09-21 19:17
2026-09-21 19:17:37,713 [INFO] ============================================================
2026-09-21 19:17:37,733 [INFO] Retrain is due — running retrain pipeline first …
2026-09-21 19:17:37,735 [INFO] ============================================================
2026-09-21 19:17:37,735 [INFO] RETRAINING PIPELINE STARTED
2026-09-21 19:17:37,735 [INFO] ============================================================
2026-09-21 19:17:37,735 [INFO] [1/5] Updating market data …
2026-09-21 19:17:37,736 [INFO] Database initialised at trading_system.db
2026-09-21 19:17:37,737 [INFO] Downloading RELIANCE.NS …
2026-09-21 19:17:40,729 [INFO] RELIANCE.NS: 431 rows downloaded
2026-09-21 19:17:40,745 [INFO] RELIANCE.NS: 431 rows stored
2026-09-21 19:17:40,747 [INFO] Downloading TCS.NS …
2026-09-21 19:17:41,163 [INFO] TCS.NS: 431 rows downloaded
2026-09-21 19:17:41,178 [INFO] TCS.NS: 431 rows stored
2026-09-21 19:17:41,178 [INFO] Downloading INFY.NS …
2026-09-21 19:17:41,593 [INFO] INFY.NS: 431 rows downloaded
2026-09-21 19:17:41,608 [INFO] INFY.NS: 431 rows stored
2026-09-21 19:17:41,609 [INFO] Downloading HDFCBANK.NS …
2026-09-21 19:17:42,132 [INFO] HDFCBANK.NS: 431 rows downloaded
2026-09-21 19:17:42,147 [INFO] HDFCBANK.NS: 431 rows stored
2026-09-21 19:17:42,148 [INFO] Downloading ICICIBANK.NS …
2026-09-21 19:17:42,601 [INFO] ICICIBANK.NS: 431 rows downloaded
2026-09-21 19:17:42,618 [INFO] ICICIBANK.NS: 431 rows stored
2026-09-21 19:17:42,619 [INFO] Downloading HINDUNILVR.NS …
2026-09-21 19:17:42,897 [INFO] HINDUNILVR.NS: 431 rows downloaded
2026-09-21 19:17:42,912 [INFO] HINDUNILVR.NS: 431 rows stored
2026-09-21 19:17:42,913 [INFO] Downloading BAJFINANCE.NS …
2026-09-21 19:17:43,197 [INFO] BAJFINANCE.NS: 431 rows downloaded
2026-09-21 19:17:43,232 [INFO] BAJFINANCE.NS: 431 rows stored
2026-09-21 19:17:43,233 [INFO] Downloading SBIN.NS …
2026-09-21 19:17:43,722 [INFO] SBIN.NS: 431 rows downloaded
2026-09-21 19:17:43,741 [INFO] SBIN.NS: 431 rows stored
2026-09-21 19:17:43,741 [INFO] Downloading BHARTIARTL.NS …
2026-09-21 19:17:44,001 [INFO] BHARTIARTL.NS: 431 rows downloaded
2026-09-21 19:17:44,015 [INFO] BHARTIARTL.NS: 431 rows stored
2026-09-21 19:17:44,016 [INFO] Downloading KOTAKBANK.NS …
2026-09-21 19:17:44,368 [INFO] KOTAKBANK.NS: 431 rows downloaded
2026-09-21 19:17:44,381 [INFO] KOTAKBANK.NS: 431 rows stored
2026-09-21 19:17:44,382 [INFO] Downloading ITC.NS …
2026-09-21 19:17:44,669 [INFO] ITC.NS: 431 rows downloaded
2026-09-21 19:17:44,682 [INFO] ITC.NS: 431 rows stored
2026-09-21 19:17:44,682 [INFO] Downloading LT.NS …
2026-09-21 19:17:44,966 [INFO] LT.NS: 431 rows downloaded
2026-09-21 19:17:44,981 [INFO] LT.NS: 431 rows stored
2026-09-21 19:17:44,981 [INFO] Downloading AXISBANK.NS …
2026-09-21 19:17:45,289 [INFO] AXISBANK.NS: 431 rows downloaded
2026-09-21 19:17:45,314 [INFO] AXISBANK.NS: 431 rows stored
2026-09-21 19:17:45,314 [INFO] Downloading WIPRO.NS …
2026-09-21 19:17:45,789 [INFO] WIPRO.NS: 431 rows downloaded
2026-09-21 19:17:45,831 [INFO] WIPRO.NS: 431 rows stored
2026-09-21 19:17:45,831 [INFO] Downloading ASIANPAINT.NS …
2026-09-21 19:17:46,085 [INFO] ASIANPAINT.NS: 431 rows downloaded
2026-09-21 19:17:46,103 [INFO] ASIANPAINT.NS: 431 rows stored
2026-09-21 19:17:46,103 [INFO] Downloading MARUTI.NS …
2026-09-21 19:17:46,422 [INFO] MARUTI.NS: 431 rows downloaded
2026-09-21 19:17:46,439 [INFO] MARUTI.NS: 431 rows stored
2026-09-21 19:17:46,440 [INFO] Downloading SUNPHARMA.NS …
2026-09-21 19:17:46,704 [INFO] SUNPHARMA.NS: 431 rows downloaded
2026-09-21 19:17:46,725 [INFO] SUNPHARMA.NS: 431 rows stored
2026-09-21 19:17:46,726 [INFO] Downloading TITAN.NS …
2026-09-21 19:17:47,031 [INFO] TITAN.NS: 431 rows downloaded
2026-09-21 19:17:47,048 [INFO] TITAN.NS: 431 rows stored
2026-09-21 19:17:47,049 [INFO] Downloading ULTRACEMCO.NS …
2026-09-21 19:17:47,470 [INFO] ULTRACEMCO.NS: 431 rows downloaded
2026-09-21 19:17:47,510 [INFO] ULTRACEMCO.NS: 431 rows stored
2026-09-21 19:17:47,510 [INFO] Downloading NESTLEIND.NS …
2026-09-21 19:17:47,799 [INFO] NESTLEIND.NS: 431 rows downloaded
2026-09-21 19:17:47,819 [INFO] NESTLEIND.NS: 431 rows stored
2026-09-21 19:17:47,819 [INFO] Downloading ^NSEI …
2026-09-21 19:17:48,061 [INFO] ^NSEI: 426 rows downloaded
2026-09-21 19:17:48,085 [INFO] ^NSEI: 426 rows stored
2026-09-21 19:17:48,085 [INFO] Incremental update complete
2026-09-21 19:17:48,085 [INFO] [2/5] Loading data from database …
2026-09-21 19:17:48,271 [INFO] Loaded 20 tickers from database
2026-09-21 19:17:48,279 [INFO] [3/5] Building features …
2026-09-21 19:17:48,280 [INFO] RELIANCE.NS: engineering features …
2026-09-21 19:17:48,350 [INFO] RELIANCE.NS: 65 features, 1910 rows
2026-09-21 19:17:48,350 [INFO] TCS.NS: engineering features …
2026-09-21 19:17:48,480 [INFO] TCS.NS: 65 features, 1910 rows
2026-09-21 19:17:48,481 [INFO] INFY.NS: engineering features …
2026-09-21 19:17:48,624 [INFO] INFY.NS: 65 features, 1910 rows
2026-09-21 19:17:48,625 [INFO] HDFCBANK.NS: engineering features …
2026-09-21 19:17:48,745 [INFO] HDFCBANK.NS: 65 features, 1910 rows
2026-09-21 19:17:48,745 [INFO] ICICIBANK.NS: engineering features …
2026-09-21 19:17:48,801 [INFO] ICICIBANK.NS: 65 features, 1910 rows
2026-09-21 19:17:48,801 [INFO] HINDUNILVR.NS: engineering features …
2026-09-21 19:17:48,854 [INFO] HINDUNILVR.NS: 65 features, 1910 rows
2026-09-21 19:17:48,854 [INFO] BAJFINANCE.NS: engineering features …
2026-09-21 19:17:48,908 [INFO] BAJFINANCE.NS: 65 features, 1910 rows
2026-09-21 19:17:48,909 [INFO] SBIN.NS: engineering features …
2026-09-21 19:17:48,960 [INFO] SBIN.NS: 65 features, 1910 rows
2026-09-21 19:17:48,961 [INFO] BHARTIARTL.NS: engineering features …
2026-09-21 19:17:49,012 [INFO] BHARTIARTL.NS: 65 features, 1910 rows
2026-09-21 19:17:49,013 [INFO] KOTAKBANK.NS: engineering features …
2026-09-21 19:17:49,076 [INFO] KOTAKBANK.NS: 65 features, 1910 rows
2026-09-21 19:17:49,076 [INFO] ITC.NS: engineering features …
2026-09-21 19:17:49,126 [INFO] ITC.NS: 65 features, 1910 rows
2026-09-21 19:17:49,127 [INFO] LT.NS: engineering features …
2026-09-21 19:17:49,178 [INFO] LT.NS: 65 features, 1910 rows
2026-09-21 19:17:49,179 [INFO] AXISBANK.NS: engineering features …
2026-09-21 19:17:49,229 [INFO] AXISBANK.NS: 65 features, 1910 rows
2026-09-21 19:17:49,230 [INFO] WIPRO.NS: engineering features …
2026-09-21 19:17:49,281 [INFO] WIPRO.NS: 65 features, 1910 rows
2026-09-21 19:17:49,281 [INFO] ASIANPAINT.NS: engineering features …
2026-09-21 19:17:49,331 [INFO] ASIANPAINT.NS: 65 features, 1910 rows
2026-09-21 19:17:49,332 [INFO] MARUTI.NS: engineering features …
2026-09-21 19:17:49,382 [INFO] MARUTI.NS: 65 features, 1910 rows
2026-09-21 19:17:49,382 [INFO] SUNPHARMA.NS: engineering features …
2026-09-21 19:17:49,431 [INFO] SUNPHARMA.NS: 65 features, 1910 rows
2026-09-21 19:17:49,432 [INFO] TITAN.NS: engineering features …
2026-09-21 19:17:49,484 [INFO] TITAN.NS: 65 features, 1910 rows
2026-09-21 19:17:49,485 [INFO] ULTRACEMCO.NS: engineering features …
2026-09-21 19:17:49,533 [INFO] ULTRACEMCO.NS: 65 features, 1910 rows
2026-09-21 19:17:49,534 [INFO] NESTLEIND.NS: engineering features …
2026-09-21 19:17:49,584 [INFO] NESTLEIND.NS: 65 features, 1910 rows
2026-09-21 19:17:49,584 [INFO] Feature engineering complete: 20 tickers
2026-09-21 19:17:49,585 [INFO] [4/5] Training models …
2026-09-21 19:17:49,625 [INFO] Dataset: (38200, 40), 3 walk-forward folds
2026-09-21 19:17:49,625 [INFO] Training random_forest …
2026-09-21 19:18:34,331 [INFO] random_forest fold 0: best AUC=0.5126
2026-09-21 19:18:36,299 [INFO] random_forest: ROC-AUC=0.5091
2026-09-21 19:18:36,299 [INFO] Training gradient_boosting …
2026-09-21 19:24:03,178 [INFO] gradient_boosting fold 0: best AUC=0.5136
2026-09-21 19:26:58,853 [INFO] gradient_boosting: ROC-AUC=0.5013
2026-09-21 19:26:58,853 [INFO] Training xgboost …
2026-09-21 19:27:47,437 [INFO] xgboost fold 0: best AUC=0.5218
2026-09-21 19:27:50,430 [INFO] xgboost: ROC-AUC=0.5027
2026-09-21 19:27:50,430 [INFO] Training lightgbm …
2026-09-21 19:27:59,166 [INFO] lightgbm fold 0: best AUC=0.5390
2026-09-21 19:28:00,927 [INFO] lightgbm: ROC-AUC=0.4982
2026-09-21 19:28:00,953 [INFO] Model saved: models/random_forest_20260921_192800.pkl
2026-09-21 19:28:00,977 [INFO] Best model saved: models/best_model.pkl
2026-09-21 19:28:00,977 [INFO] Best model: random_forest (AUC=0.5091)
2026-09-21 19:28:00,994 [INFO] [5/5] Logging results …
2026-09-21 19:28:00,998 [INFO] RETRAIN COMPLETE in 623s — Best: random_forest AUC=0.5091
2026-09-21 19:28:01,009 [INFO] ============================================================
2026-09-21 19:28:01,009 [INFO] STEP 3: Running daily predictions
2026-09-21 19:28:01,010 [INFO] ============================================================
2026-09-21 19:28:01,012 [INFO] Database initialised at trading_system.db
2026-09-21 19:28:01,196 [INFO] Loaded 20 tickers from database
2026-09-21 19:28:01,207 [INFO] RELIANCE.NS: engineering features …
2026-09-21 19:28:01,288 [INFO] RELIANCE.NS: 65 features, 1910 rows
2026-09-21 19:28:01,288 [INFO] TCS.NS: engineering features …
2026-09-21 19:28:01,346 [INFO] TCS.NS: 65 features, 1910 rows
2026-09-21 19:28:01,347 [INFO] INFY.NS: engineering features …
2026-09-21 19:28:01,484 [INFO] INFY.NS: 65 features, 1910 rows
2026-09-21 19:28:01,485 [INFO] HDFCBANK.NS: engineering features …
2026-09-21 19:28:01,628 [INFO] HDFCBANK.NS: 65 features, 1910 rows
2026-09-21 19:28:01,628 [INFO] ICICIBANK.NS: engineering features …
2026-09-21 19:28:01,765 [INFO] ICICIBANK.NS: 65 features, 1910 rows
2026-09-21 19:28:01,766 [INFO] HINDUNILVR.NS: engineering features …
2026-09-21 19:28:01,904 [INFO] HINDUNILVR.NS: 65 features, 1910 rows
2026-09-21 19:28:01,905 [INFO] BAJFINANCE.NS: engineering features …
2026-09-21 19:28:02,050 [INFO] BAJFINANCE.NS: 65 features, 1910 rows
2026-09-21 19:28:02,051 [INFO] SBIN.NS: engineering features …
2026-09-21 19:28:02,192 [INFO] SBIN.NS: 65 features, 1910 rows
2026-09-21 19:28:02,193 [INFO] BHARTIARTL.NS: engineering features …
2026-09-21 19:28:02,333 [INFO] BHARTIARTL.NS: 65 features, 1910 rows
2026-09-21 19:28:02,334 [INFO] KOTAKBANK.NS: engineering features …
2026-09-21 19:28:02,476 [INFO] KOTAKBANK.NS: 65 features, 1910 rows
2026-09-21 19:28:02,477 [INFO] ITC.NS: engineering features …
2026-09-21 19:28:02,615 [INFO] ITC.NS: 65 features, 1910 rows
2026-09-21 19:28:02,616 [INFO] LT.NS: engineering features …
2026-09-21 19:28:02,756 [INFO] LT.NS: 65 features, 1910 rows
2026-09-21 19:28:02,757 [INFO] AXISBANK.NS: engineering features …
2026-09-21 19:28:02,901 [INFO] AXISBANK.NS: 65 features, 1910 rows
2026-09-21 19:28:02,902 [INFO] WIPRO.NS: engineering features …
2026-09-21 19:28:03,040 [INFO] WIPRO.NS: 65 features, 1910 rows
2026-09-21 19:28:03,041 [INFO] ASIANPAINT.NS: engineering features …
2026-09-21 19:28:03,177 [INFO] ASIANPAINT.NS: 65 features, 1910 rows
2026-09-21 19:28:03,178 [INFO] MARUTI.NS: engineering features …
2026-09-21 19:28:03,312 [INFO] MARUTI.NS: 65 features, 1910 rows
2026-09-21 19:28:03,313 [INFO] SUNPHARMA.NS: engineering features …
2026-09-21 19:28:03,447 [INFO] SUNPHARMA.NS: 65 features, 1910 rows
2026-09-21 19:28:03,448 [INFO] TITAN.NS: engineering features …
2026-09-21 19:28:03,584 [INFO] TITAN.NS: 65 features, 1910 rows
2026-09-21 19:28:03,585 [INFO] ULTRACEMCO.NS: engineering features …
2026-09-21 19:28:03,721 [INFO] ULTRACEMCO.NS: 65 features, 1910 rows
2026-09-21 19:28:03,722 [INFO] NESTLEIND.NS: engineering features …
2026-09-21 19:28:03,857 [INFO] NESTLEIND.NS: 65 features, 1910 rows
2026-09-21 19:28:03,858 [INFO] Feature engineering complete: 20 tickers
2026-09-21 19:28:03,880 [INFO] Loaded model: random_forest (trained 2026-09-21T19:28:00.927890)
2026-09-21 19:28:04,378 [INFO] Stored predictions for 20 stocks
2026-09-21 19:28:04,379 [INFO] === TODAY'S TOP PICKS ===
2026-09-21 19:28:04,379 [INFO]   BHARTIARTL.NS         ML=51.7%  Sharpe=0.57  Mom=1.00  Final=68.3
2026-09-21 19:28:04,379 [INFO]   TITAN.NS              ML=49.0%  Sharpe=1.00  Mom=0.37  Final=65.7
2026-09-21 19:28:04,379 [INFO]   SBIN.NS               ML=50.8%  Sharpe=0.81  Mom=0.58  Final=65.0
2026-09-21 19:28:04,380 [INFO]   AXISBANK.NS           ML=50.9%  Sharpe=0.73  Mom=0.64  Final=63.8
2026-09-21 19:28:04,380 [INFO]   NESTLEIND.NS          ML=51.1%  Sharpe=0.80  Mom=0.51  Final=62.8
2026-09-21 19:28:04,380 [INFO] ============================================================
2026-09-21 19:28:04,380 [INFO] STEP 4: Executing paper trades
2026-09-21 19:28:04,380 [INFO] ============================================================
2026-09-21 19:28:04,382 [WARNING] Max drawdown breached (100.0%). Trading halted.
2026-09-21 19:28:04,384 [INFO] 
Portfolio Summary:
2026-09-21 19:28:04,384 [INFO]   initial_capital          : 1000000
2026-09-21 19:28:04,385 [INFO]   current_value            : 998502.246630055
2026-09-21 19:28:04,385 [INFO]   total_return_pct         : -0.15
2026-09-21 19:28:04,386 [INFO]   annualised_return        : -31.46
2026-09-21 19:28:04,386 [INFO]   max_drawdown_pct         : 0.15
2026-09-21 19:28:04,386 [INFO]   n_trades                 : 5
2026-09-21 19:28:04,386 [INFO]   n_positions              : 0
